\BOOKMARK [0][-]{chapter*.1}{\376\377\000A\000b\000s\000t\000r\000a\000c\000t}{}% 1
\BOOKMARK [0][-]{chapter*.2}{\376\377\000A\000c\000k\000n\000o\000w\000l\000e\000d\000g\000m\000e\000n\000t}{}% 2
\BOOKMARK [0][-]{chapter*.3}{\376\377\000L\000i\000s\000t\000\040\000o\000f\000\040\000F\000i\000g\000u\000r\000e\000s}{}% 3
\BOOKMARK [0][-]{chapter*.4}{\376\377\000L\000i\000s\000t\000\040\000o\000f\000\040\000T\000a\000b\000l\000e\000s}{}% 4
\BOOKMARK [0][-]{chapter.1}{\376\377\000I\000n\000t\000r\000o\000d\000u\000c\000t\000i\000o\000n}{}% 5
\BOOKMARK [1][-]{section.1.1}{\376\377\000P\000r\000o\000b\000l\000e\000m\000\040\000S\000p\000e\000c\000i\000f\000i\000c\000a\000t\000i\000o\000n}{chapter.1}% 6
\BOOKMARK [1][-]{section.1.2}{\376\377\000O\000b\000j\000e\000c\000t\000i\000v\000e\000s}{chapter.1}% 7
\BOOKMARK [1][-]{section.1.3}{\376\377\000S\000c\000o\000p\000e}{chapter.1}% 8
\BOOKMARK [1][-]{section.1.4}{\376\377\000F\000l\000o\000w\000\040\000o\000f\000\040\000t\000h\000e\000\040\000P\000r\000o\000j\000e\000c\000t}{chapter.1}% 9
\BOOKMARK [1][-]{section.1.5}{\376\377\000O\000r\000g\000a\000n\000i\000z\000a\000t\000i\000o\000n\000\040\000o\000f\000\040\000t\000h\000e\000\040\000P\000r\000o\000j\000e\000c\000t\000\040\000R\000e\000p\000o\000r\000t}{chapter.1}% 10
\BOOKMARK [0][-]{chapter.2}{\376\377\000B\000a\000c\000k\000g\000r\000o\000u\000n\000d\000\040\000a\000n\000d\000\040\000R\000e\000l\000a\000t\000e\000d\000\040\000W\000o\000r\000k\000s}{}% 11
\BOOKMARK [1][-]{section.2.1}{\376\377\000E\000x\000i\000s\000t\000i\000n\000g\000\040\000S\000y\000s\000t\000e\000m\000\040\000A\000n\000a\000l\000y\000s\000i\000s}{chapter.2}% 12
\BOOKMARK [1][-]{section.2.2}{\376\377\000S\000u\000p\000p\000o\000r\000t\000i\000n\000g\000\040\000L\000i\000t\000e\000r\000a\000t\000u\000r\000e\000s}{chapter.2}% 13
\BOOKMARK [1][-]{section.2.3}{\376\377\000P\000r\000o\000b\000l\000e\000m\000\040\000S\000t\000a\000t\000e\000m\000e\000n\000t\000\040\000a\000n\000d\000\040\000R\000e\000s\000e\000a\000r\000c\000h\000\040\000G\000a\000p}{chapter.2}% 14
\BOOKMARK [0][-]{chapter.3}{\376\377\000S\000y\000s\000t\000e\000m\000\040\000A\000n\000a\000l\000y\000s\000i\000s\000\040\000a\000n\000d\000\040\000D\000e\000s\000i\000g\000n}{}% 15
\BOOKMARK [1][-]{section.3.1}{\376\377\000T\000e\000c\000h\000n\000o\000l\000o\000g\000y\000\040\000a\000n\000d\000\040\000T\000o\000o\000l\000s}{chapter.3}% 16
\BOOKMARK [2][-]{subsection.3.1.1}{\376\377\000F\000r\000o\000n\000t\000-\000E\000n\000d\000\040\000S\000t\000a\000c\000k}{section.3.1}% 17
\BOOKMARK [2][-]{subsection.3.1.2}{\376\377\000B\000a\000c\000k\000-\000E\000n\000d\000\040\000S\000t\000a\000c\000k}{section.3.1}% 18
\BOOKMARK [2][-]{subsection.3.1.3}{\376\377\000D\000a\000t\000a\000b\000a\000s\000e}{section.3.1}% 19
\BOOKMARK [2][-]{subsection.3.1.4}{\376\377\000T\000o\000o\000l\000s\000\040\000U\000s\000e\000d}{section.3.1}% 20
\BOOKMARK [1][-]{section.3.2}{\376\377\000D\000e\000v\000e\000l\000o\000p\000m\000e\000n\000t\000\040\000M\000o\000d\000e\000l}{chapter.3}% 21
\BOOKMARK [1][-]{section.3.3}{\376\377\000S\000y\000s\000t\000e\000m\000\040\000A\000r\000c\000h\000i\000t\000e\000c\000t\000u\000r\000e}{chapter.3}% 22
\BOOKMARK [1][-]{section.3.4}{\376\377\000U\000s\000e\000-\000C\000a\000s\000e\000\040\000A\000n\000a\000l\000y\000s\000i\000s}{chapter.3}% 23
\BOOKMARK [1][-]{section.3.5}{\376\377\000C\000o\000n\000t\000e\000x\000t\000-\000L\000e\000v\000e\000l\000\040\000D\000i\000a\000g\000r\000a\000m\000\040\000\050\000D\000F\000D\000-\0000\000\051}{chapter.3}% 24
\BOOKMARK [1][-]{section.3.6}{\376\377\000D\000a\000t\000a\000-\000F\000l\000o\000w\000\040\000D\000i\000a\000g\000r\000a\000m\000\040\000\050\000D\000F\000D\000-\0001\000\051}{chapter.3}% 25
\BOOKMARK [1][-]{section.3.7}{\376\377\000D\000a\000t\000a\000b\000a\000s\000e\000\040\000S\000c\000h\000e\000m\000a}{chapter.3}% 26
\BOOKMARK [1][-]{section.3.8}{\376\377\000S\000e\000q\000u\000e\000n\000c\000e\000\040\000D\000i\000a\000g\000r\000a\000m}{chapter.3}% 27
\BOOKMARK [1][-]{section.3.9}{\376\377\000A\000c\000t\000i\000v\000i\000t\000y\000\040\000D\000i\000a\000g\000r\000a\000m}{chapter.3}% 28
\BOOKMARK [1][-]{section.3.10}{\376\377\000A\000l\000g\000o\000r\000i\000t\000h\000m\000s\000\040\000a\000n\000d\000\040\000F\000l\000o\000w\000c\000h\000a\000r\000t\000s}{chapter.3}% 29
\BOOKMARK [2][-]{subsection.3.10.1}{\376\377\000C\000o\000m\000p\000a\000t\000i\000b\000i\000l\000i\000t\000y\000\040\000M\000a\000t\000c\000h\000i\000n\000g}{section.3.10}% 30
\BOOKMARK [2][-]{subsection.3.10.2}{\376\377\000A\000u\000t\000h\000e\000n\000t\000i\000c\000a\000t\000i\000o\000n\000\040\000F\000l\000o\000w}{section.3.10}% 31
\BOOKMARK [2][-]{subsection.3.10.3}{\376\377\000C\000o\000n\000t\000a\000c\000t\000-\000R\000e\000q\000u\000e\000s\000t\000\040\000W\000o\000r\000k\000f\000l\000o\000w}{section.3.10}% 32
\BOOKMARK [0][-]{chapter.4}{\376\377\000I\000m\000p\000l\000e\000m\000e\000n\000t\000a\000t\000i\000o\000n}{}% 33
\BOOKMARK [1][-]{section.4.1}{\376\377\000F\000r\000o\000n\000t\000-\000E\000n\000d\000\040\000/\000\040\000I\000n\000t\000e\000r\000f\000a\000c\000e\000\040\000D\000e\000s\000i\000g\000n}{chapter.4}% 34
\BOOKMARK [1][-]{section.4.2}{\376\377\000B\000a\000c\000k\000-\000E\000n\000d}{chapter.4}% 35
\BOOKMARK [1][-]{section.4.3}{\376\377\000M\000o\000d\000u\000l\000e\000s\000\040\000a\000n\000d\000\040\000F\000e\000a\000t\000u\000r\000e\000s}{chapter.4}% 36
\BOOKMARK [0][-]{chapter.5}{\376\377\000U\000s\000e\000r\000\040\000M\000a\000n\000u\000a\000l}{}% 37
\BOOKMARK [1][-]{section.5.1}{\376\377\000S\000y\000s\000t\000e\000m\000\040\000R\000e\000q\000u\000i\000r\000e\000m\000e\000n\000t\000s}{chapter.5}% 38
\BOOKMARK [2][-]{subsection.5.1.1}{\376\377\000H\000a\000r\000d\000w\000a\000r\000e\000\040\000R\000e\000q\000u\000i\000r\000e\000m\000e\000n\000t\000s}{section.5.1}% 39
\BOOKMARK [2][-]{subsection.5.1.2}{\376\377\000S\000o\000f\000t\000w\000a\000r\000e\000\040\000R\000e\000q\000u\000i\000r\000e\000m\000e\000n\000t\000s}{section.5.1}% 40
\BOOKMARK [1][-]{section.5.2}{\376\377\000U\000s\000e\000r\000\040\000I\000n\000t\000e\000r\000f\000a\000c\000e\000s}{chapter.5}% 41
\BOOKMARK [2][-]{subsection.5.2.1}{\376\377\000P\000a\000n\000e\000l\000\040\000A\000\040\040\024\000\040\000P\000u\000b\000l\000i\000c\000\040\000P\000a\000g\000e\000s}{section.5.2}% 42
\BOOKMARK [2][-]{subsection.5.2.2}{\376\377\000P\000a\000n\000e\000l\000\040\000B\000\040\040\024\000\040\000U\000s\000e\000r\000\040\000D\000a\000s\000h\000b\000o\000a\000r\000d}{section.5.2}% 43
\BOOKMARK [2][-]{subsection.5.2.3}{\376\377\000P\000a\000n\000e\000l\000\040\000C\000\040\040\024\000\040\000A\000d\000m\000i\000n\000\040\000P\000a\000n\000e\000l}{section.5.2}% 44
\BOOKMARK [2][-]{subsection.5.2.4}{\376\377\000L\000o\000g\000i\000n\000\040\000C\000r\000e\000d\000e\000n\000t\000i\000a\000l\000s}{section.5.2}% 45
\BOOKMARK [1][-]{section.5.3}{\376\377\000G\000e\000t\000t\000i\000n\000g\000\040\000S\000t\000a\000r\000t\000e\000d}{chapter.5}% 46
\BOOKMARK [0][-]{chapter.6}{\376\377\000C\000o\000n\000c\000l\000u\000s\000i\000o\000n}{}% 47
\BOOKMARK [1][-]{section.6.1}{\376\377\000C\000o\000n\000c\000l\000u\000s\000i\000o\000n}{chapter.6}% 48
\BOOKMARK [1][-]{section.6.2}{\376\377\000L\000i\000m\000i\000t\000a\000t\000i\000o\000n\000s}{chapter.6}% 49
\BOOKMARK [1][-]{section.6.3}{\376\377\000F\000u\000t\000u\000r\000e\000\040\000W\000o\000r\000k\000s}{chapter.6}% 50
\BOOKMARK [0][-]{chapter*.54}{\376\377\000R\000e\000f\000e\000r\000e\000n\000c\000e\000s}{}% 51
\BOOKMARK [0][-]{appendix.A}{\376\377\000G\000l\000o\000s\000s\000a\000r\000y\000\040\000a\000n\000d\000\040\000S\000u\000p\000p\000l\000e\000m\000e\000n\000t\000a\000r\000y\000\040\000M\000a\000t\000e\000r\000i\000a\000l}{}% 52
\BOOKMARK [1][-]{section.A.1}{\376\377\000G\000l\000o\000s\000s\000a\000r\000y\000\040\000o\000f\000\040\000T\000e\000r\000m\000s}{appendix.A}% 53
\BOOKMARK [1][-]{section.A.2}{\376\377\000K\000e\000y\000\040\000A\000P\000I\000\040\000E\000n\000d\000p\000o\000i\000n\000t\000s}{appendix.A}% 54
\BOOKMARK [1][-]{section.A.3}{\376\377\000P\000r\000o\000j\000e\000c\000t\000\040\000T\000i\000m\000e\000l\000i\000n\000e}{appendix.A}% 55
